lib/foo.rb:1: # XXX: need to frob the lub
lib/bar.scala:1: println('something') // TODO: mix styles
